============================= test session starts ==============================
platform linux -- Python 3.12.3, pytest-9.0.2, pluggy-1.6.0 -- /home/azureuser/repos/projects/QuantAgent/.worktrees/feature__QuantAgent-ia2-complete-universe-management-in-configur/.venv/bin/python
cachedir: .pytest_cache
rootdir: /home/azureuser/repos/projects/QuantAgent/.worktrees/feature__QuantAgent-ia2-complete-universe-management-in-configur
configfile: pytest.ini (WARNING: ignoring pytest config in pyproject.toml!)
plugins: langsmith-0.7.6, anyio-4.12.1, mock-3.15.1, cov-7.0.0
collecting ... collected 28 items

tests/test_universe_management.py::TestSupportedUniverse::test_symbol_mapping_exists PASSED [  3%]
tests/test_universe_management.py::TestSupportedUniverse::test_symbol_mapping_contains_required_symbols PASSED [  7%]
tests/test_universe_management.py::TestSupportedUniverse::test_symbol_mapping_values_are_valid_yfinance_symbols PASSED [ 10%]
tests/test_universe_management.py::TestSupportedUniverse::test_required_symbols_exact_list PASSED [ 14%]
tests/test_universe_management.py::TestProfileUniversePersistence::test_create_portfolio_profile_with_universe PASSED [ 17%]
tests/test_universe_management.py::TestProfileUniversePersistence::test_create_multiple_universe_symbols PASSED [ 21%]
tests/test_universe_management.py::TestProfileUniversePersistence::test_create_portfolio_with_empty_universe PASSED [ 25%]
tests/test_universe_management.py::TestProfileUniversePersistence::test_risk_profile_does_not_have_universe PASSED [ 28%]
tests/test_universe_management.py::TestProfileUniversePersistence::test_combined_profile_can_have_universe PASSED [ 32%]
tests/test_universe_management.py::TestProfileUniversePersistence::test_update_profile_with_new_universe FAILED [ 35%]
tests/test_universe_management.py::TestProfileUniversePersistence::test_profile_list_with_universe_info PASSED [ 39%]
tests/test_universe_management.py::TestUniverseFiltering::test_filter_supported_symbols PASSED [ 42%]
tests/test_universe_management.py::TestUniverseFiltering::test_universe_with_unsupported_symbols PASSED [ 46%]
tests/test_universe_management.py::TestUniverseFiltering::test_supported_symbols_constant_matches_provider PASSED [ 50%]
tests/test_universe_management.py::TestUniverseJSONSerialization::test_universe_json_serialization PASSED [ 53%]
tests/test_universe_management.py::TestUniverseJSONSerialization::test_universe_roundtrip_in_profile PASSED [ 57%]
tests/test_universe_management.py::TestUniverseJSONSerialization::test_universe_preview_dataframe_compatible PASSED [ 60%]
tests/test_universe_management.py::TestBacktestUniverseIntegration::test_backtest_run_can_use_profile_universe PASSED [ 64%]
tests/test_universe_management.py::TestBacktestUniverseIntegration::test_backtest_with_explicit_assets_overrides_universe PASSED [ 67%]
tests/test_universe_management.py::TestBacktestUniverseIntegration::test_backtest_empty_assets_list PASSED [ 71%]
tests/test_universe_management.py::TestBacktestUniverseIntegration::test_backtest_snapshot_preserves_universe_info PASSED [ 75%]
tests/test_universe_management.py::TestUniverseEdgeCases::test_unicode_symbols_rejected PASSED [ 78%]
tests/test_universe_management.py::TestUniverseEdgeCases::test_whitespace_in_symbols PASSED [ 82%]
tests/test_universe_management.py::TestUniverseEdgeCases::test_duplicate_symbols_in_universe PASSED [ 85%]
tests/test_universe_management.py::TestUniverseEdgeCases::test_case_sensitivity_of_symbols PASSED [ 89%]
tests/test_universe_management.py::TestUniverseEdgeCases::test_profile_version_tracking FAILED [ 92%]
tests/test_universe_management.py::TestUniverseManagementIntegration::test_complete_portfolio_creation_workflow PASSED [ 96%]
tests/test_universe_management.py::TestUniverseManagementIntegration::test_multiple_profiles_with_different_universes PASSED [100%]

=================================== FAILURES ===================================
_____ TestProfileUniversePersistence.test_update_profile_with_new_universe _____
tests/test_universe_management.py:214: in test_update_profile_with_new_universe
    assert final.json_config["universe"] == ["BTC", "SPX", "CL"]
E   AssertionError: assert ['BTC'] == ['BTC', 'SPX', 'CL']
E     
E     Right contains 2 more items, first extra item: 'SPX'
E     
E     Full diff:
E       [
E           'BTC',
E     -     'SPX',
E     -     'CL',
E       ]
_____________ TestUniverseEdgeCases.test_profile_version_tracking ______________
tests/test_universe_management.py:535: in test_profile_version_tracking
    assert len(final.json_config["universe"]) == 5
E   AssertionError: assert 1 == 5
E    +  where 1 = len(['BTC'])
=========================== short test summary info ============================
FAILED tests/test_universe_management.py::TestProfileUniversePersistence::test_update_profile_with_new_universe - AssertionError: assert ['BTC'] == ['BTC', 'SPX', 'CL']
  
  Right contains 2 more items, first extra item: 'SPX'
  
  Full diff:
    [
        'BTC',
  -     'SPX',
  -     'CL',
    ]
FAILED tests/test_universe_management.py::TestUniverseEdgeCases::test_profile_version_tracking - AssertionError: assert 1 == 5
 +  where 1 = len(['BTC'])
================== 2 failed, 26 passed, 48 warnings in 0.87s ===================
