Commands Log — QuantAgent-kkj.8-planner — 20260525T205529Z

[READ] issue.json snapshot
[READ] quantagent/strategy/__init__.py
[READ] quantagent/strategy/base.py
[READ] quantagent/trading/scheduler.py
[READ] quantagent/strategy/rsi_strategy.py
[READ] quantagent/strategy/fifty_two_week_high_strategy.py
[READ] quantagent/strategy/triple_screen_strategy.py
[READ] quantagent/strategy/llm_agent_strategy.py (head 40 lines)
[BASH] ls docs/01_requirements/ docs/06_implementation/
[BASH] ls docs/02_planning/ docs/05_acceptance_tests/
[BASH] ls docs/03_design/
[READ] docs/02_planning/QuantAgent-0b5-PL-positionmonitor-scheduler-integration.md (format ref)
[READ] docs/05_acceptance_tests/QuantAgent-0b5-AC-positionmonitor-scheduler-integration.md (format ref)
[WRITE] docs/01_requirements/QuantAgent-kkj.8-RQ-strategy-registry.md
[WRITE] docs/02_planning/QuantAgent-kkj.8-PL-strategy-registry.md
[WRITE] docs/05_acceptance_tests/QuantAgent-kkj.8-AC-strategy-registry.md
[BASH] python3 -m py_compile quantagent/strategy/base.py ... scheduler.py → COMPILE_OK
[BASH] git status --short → .beads/issues.jsonl M, new docs untracked
[BASH] bd_safe.sh comment QuantAgent-kkj.8 "..." → Comment added
[BASH] git status --short → .beads/issues.jsonl M confirmed
[WRITE] docs/envelopes/QuantAgent-kkj.8/20260525T205529Z-QuantAgent-kkj.8-planner/run-report.md
[WRITE] docs/envelopes/QuantAgent-kkj.8/20260525T205529Z-QuantAgent-kkj.8-planner/quality-gates.log
[WRITE] docs/envelopes/QuantAgent-kkj.8/20260525T205529Z-QuantAgent-kkj.8-planner/commands.log
[WRITE] docs/envelopes/QuantAgent-kkj.8/20260525T205529Z-QuantAgent-kkj.8-planner/result.json
[GIT] git add docs/01_requirements/QuantAgent-kkj.8-RQ-strategy-registry.md docs/02_planning/QuantAgent-kkj.8-PL-strategy-registry.md docs/05_acceptance_tests/QuantAgent-kkj.8-AC-strategy-registry.md .beads/issues.jsonl docs/envelopes/QuantAgent-kkj.8/
[GIT] git commit -m "feat(QuantAgent-kkj.8): planner — strategy registry & scheduler parametrization"
[GIT] git push origin main
