## Commands Log — 20260529T123620Z-QuantAgent-um8-planner

[READ] /home/azureuser/repos/projects/QuantAgent/docs/envelopes/QuantAgent-um8/20260529T123620Z-QuantAgent-um8-planner/issue.json
[READ] /home/azureuser/repos/projects/QuantAgent/AGENTS.md
[READ] /home/azureuser/repos/projects/QuantAgent/docs/01_requirements/README.md
[READ] /home/azureuser/repos/projects/QuantAgent/docs/02_planning/README.md
[READ] /home/azureuser/repos/projects/QuantAgent/docs/03_design/README.md
[READ] /home/azureuser/repos/projects/QuantAgent/quantagent/backtesting/backtest.py
[READ] /home/azureuser/repos/projects/QuantAgent/quantagent/strategy/llm_agent_strategy.py
[READ] /home/azureuser/repos/projects/QuantAgent/quantagent/trading_graph.py (first 100 lines)
[GREP] pattern=batch glob=**/*.py — 1 match (alembic/env.py, unrelated)
[READ] /home/azureuser/repos/projects/QuantAgent/docs/03_design/backtesting_engine.md
[READ] /home/azureuser/repos/projects/QuantAgent/docs/05_acceptance_tests/README.md
[READ] /home/azureuser/repos/projects/QuantAgent/quantagent/settings.py
[BASH] git status --short && git branch --show-current  → clean (only untracked envelope dir), on main
[WRITE] docs/01_requirements/QuantAgent-um8-RQ-batch-processing.md
[WRITE] docs/03_design/QuantAgent-um8-DS-batch-processing.md
[WRITE] docs/05_acceptance_tests/QuantAgent-um8-AC-batch-processing.md
[WRITE] docs/02_planning/QuantAgent-um8-PL-batch-processing.md
[EDIT] docs/01_requirements/README.md — added um8 entry
[EDIT] docs/02_planning/README.md — added um8 entry
[EDIT] docs/03_design/README.md — added um8 entry
[EDIT] docs/05_acceptance_tests/README.md — added um8 entry
[BASH] python -m compileall -q quantagent/ → 0 errors
[BASH] git status --short → expected changes only
